[     777ms] [ERROR] Error: Minified React error #418; visit https://reactjs.org/docs/error-decoder.html?invariant=418 for the full message or use the non-minified dev environment for full errors and additional helpful warnings.
    at o1 (https://job-boards.cdn.greenhouse.io/assets/vendor-CSu851Dq.js:38:4812)
    at d9 (https://job-boards.cdn.greenhouse.io/assets/vendor-CSu851Dq.js:40:45634)
    at s9 (https://job-boards.cdn.greenhouse.io/assets/vendor-CSu851Dq.js:40:39790)
    at W8 (https://job-boards.cdn.greenhouse.io/assets/vendor-CSu851Dq.js:40:39762)
    at i9 (https://job-boards.cdn.greenhouse.io/assets/vendor-CSu851Dq.js:40:34745)
    at S (https://job-boards.cdn.greenhouse.io/assets/vendor-CSu851Dq.js:25:1550)
    at MessagePort.M (https://job-boards.cdn.greenhouse.io/assets/vendor-CSu851Dq.js:25:1910) @ https://job-boards.cdn.greenhouse.io/assets/vendor-CSu851Dq.js:243
[     825ms] [WARNING] React recovered from an error during hydration. Error: Minified React error #425; visit https://reactjs.org/docs/error-decoder.html?invariant=425 for the full message or use the non-minified dev environment for full errors and additional helpful warnings.
    at Js (https://job-boards.cdn.greenhouse.io/assets/vendor-CSu851Dq.js:38:68)
    at A8 (https://job-boards.cdn.greenhouse.io/assets/vendor-CSu851Dq.js:40:16079)
    at u9 (https://job-boards.cdn.greenhouse.io/assets/vendor-CSu851Dq.js:40:40098)
    at s9 (https://job-boards.cdn.greenhouse.io/assets/vendor-CSu851Dq.js:40:39851)
    at W8 (https://job-boards.cdn.greenhouse.io/assets/vendor-CSu851Dq.js:40:39762)
    at i9 (https://job-boards.cdn.greenhouse.io/assets/vendor-CSu851Dq.js:40:34745)
    at S (https://job-boards.cdn.greenhouse.io/assets/vendor-CSu851Dq.js:25:1550)
    at MessagePort.M (https://job-boards.cdn.greenhouse.io/assets/vendor-CSu851Dq.js:25:1910) @ https://job-boards.cdn.greenhouse.io/assets/vendor-CSu851Dq.js:243
[     825ms] [WARNING] React recovered from an error during hydration. Error: Minified React error #418; visit https://reactjs.org/docs/error-decoder.html?invariant=418 for the full message or use the non-minified dev environment for full errors and additional helpful warnings.
    at o1 (https://job-boards.cdn.greenhouse.io/assets/vendor-CSu851Dq.js:38:4812)
    at d9 (https://job-boards.cdn.greenhouse.io/assets/vendor-CSu851Dq.js:40:45634)
    at s9 (https://job-boards.cdn.greenhouse.io/assets/vendor-CSu851Dq.js:40:39790)
    at W8 (https://job-boards.cdn.greenhouse.io/assets/vendor-CSu851Dq.js:40:39762)
    at i9 (https://job-boards.cdn.greenhouse.io/assets/vendor-CSu851Dq.js:40:34745)
    at S (https://job-boards.cdn.greenhouse.io/assets/vendor-CSu851Dq.js:25:1550)
    at MessagePort.M (https://job-boards.cdn.greenhouse.io/assets/vendor-CSu851Dq.js:25:1910) @ https://job-boards.cdn.greenhouse.io/assets/vendor-CSu851Dq.js:243
[     825ms] [WARNING] React recovered from an error during hydration. Error: Minified React error #418; visit https://reactjs.org/docs/error-decoder.html?invariant=418 for the full message or use the non-minified dev environment for full errors and additional helpful warnings.
    at o1 (https://job-boards.cdn.greenhouse.io/assets/vendor-CSu851Dq.js:38:4812)
    at d9 (https://job-boards.cdn.greenhouse.io/assets/vendor-CSu851Dq.js:40:45634)
    at s9 (https://job-boards.cdn.greenhouse.io/assets/vendor-CSu851Dq.js:40:39790)
    at W8 (https://job-boards.cdn.greenhouse.io/assets/vendor-CSu851Dq.js:40:39762)
    at i9 (https://job-boards.cdn.greenhouse.io/assets/vendor-CSu851Dq.js:40:34745)
    at S (https://job-boards.cdn.greenhouse.io/assets/vendor-CSu851Dq.js:25:1550)
    at MessagePort.M (https://job-boards.cdn.greenhouse.io/assets/vendor-CSu851Dq.js:25:1910) @ https://job-boards.cdn.greenhouse.io/assets/vendor-CSu851Dq.js:243
[     825ms] [WARNING] React recovered from an error during hydration. Error: Minified React error #418; visit https://reactjs.org/docs/error-decoder.html?invariant=418 for the full message or use the non-minified dev environment for full errors and additional helpful warnings.
    at o1 (https://job-boards.cdn.greenhouse.io/assets/vendor-CSu851Dq.js:38:4812)
    at d9 (https://job-boards.cdn.greenhouse.io/assets/vendor-CSu851Dq.js:40:45634)
    at s9 (https://job-boards.cdn.greenhouse.io/assets/vendor-CSu851Dq.js:40:39790)
    at W8 (https://job-boards.cdn.greenhouse.io/assets/vendor-CSu851Dq.js:40:39762)
    at i9 (https://job-boards.cdn.greenhouse.io/assets/vendor-CSu851Dq.js:40:34745)
    at S (https://job-boards.cdn.greenhouse.io/assets/vendor-CSu851Dq.js:25:1550)
    at MessagePort.M (https://job-boards.cdn.greenhouse.io/assets/vendor-CSu851Dq.js:25:1910) @ https://job-boards.cdn.greenhouse.io/assets/vendor-CSu851Dq.js:243
[     825ms] [WARNING] React recovered from an error during hydration. Error: Minified React error #423; visit https://reactjs.org/docs/error-decoder.html?invariant=423 for the full message or use the non-minified dev environment for full errors and additional helpful warnings.
    at d9 (https://job-boards.cdn.greenhouse.io/assets/vendor-CSu851Dq.js:40:45291)
    at s9 (https://job-boards.cdn.greenhouse.io/assets/vendor-CSu851Dq.js:40:39790)
    at z8 (https://job-boards.cdn.greenhouse.io/assets/vendor-CSu851Dq.js:40:39718)
    at ll (https://job-boards.cdn.greenhouse.io/assets/vendor-CSu851Dq.js:40:39570)
    at S1 (https://job-boards.cdn.greenhouse.io/assets/vendor-CSu851Dq.js:40:35934)
    at i9 (https://job-boards.cdn.greenhouse.io/assets/vendor-CSu851Dq.js:40:34883)
    at S (https://job-boards.cdn.greenhouse.io/assets/vendor-CSu851Dq.js:25:1550)
    at MessagePort.M (https://job-boards.cdn.greenhouse.io/assets/vendor-CSu851Dq.js:25:1910) @ https://job-boards.cdn.greenhouse.io/assets/vendor-CSu851Dq.js:243
[     826ms] [WARNING] A preload for 'https://s2-recruiting.cdn.greenhouse.io/job_board_renderer/custom_fonts/fonts/400/006/500/original/RoobertTWITCH-Medium.woff?1774029035' is found, but is not used because the request credentials mode does not match. Consider taking a look at crossorigin attribute. @ https://job-boards.greenhouse.io/embed/job_app?for=twitch&token=8457711002:0
[     826ms] [WARNING] A preload for 'https://s2-recruiting.cdn.greenhouse.io/job_board_renderer/custom_fonts/fonts/400/006/500/original/RoobertTWITCH-Medium.woff?1774029035' is found, but is not used because the request credentials mode does not match. Consider taking a look at crossorigin attribute. @ https://job-boards.greenhouse.io/embed/job_app?for=twitch&token=8457711002:0
[    1074ms] [ERROR] Failed to load resource: the server responded with a status of 401 () @ https://my.greenhouse.io/users/self?job_post_id=8457711002:0
[    1076ms] UnauthorizedError: Unauthorized: User is not logged in.
    at Gs.fetchProfile (https://job-boards.cdn.greenhouse.io/assets/entry.client-DJvenSzz.js:61:71218)
[    6266ms] [WARNING] The resource https://s2-recruiting.cdn.greenhouse.io/job_board_renderer/custom_fonts/fonts/400/006/500/original/RoobertTWITCH-Medium.woff?1774029035 was preloaded using link preload but not used within a few seconds from the window's load event. Please make sure it has an appropriate `as` value and it is preloaded intentionally. @ https://job-boards.greenhouse.io/embed/job_app?for=twitch&token=8457711002:0
[   77591ms] [ERROR] Failed to load resource: the server responded with a status of 401 () @ https://my.greenhouse.io/users/self?job_post_id=8457711002:0
[   77653ms] UnauthorizedError: Unauthorized: User is not logged in.
    at Gs.fetchProfile (https://job-boards.cdn.greenhouse.io/assets/entry.client-DJvenSzz.js:61:71218)
    at async We (https://job-boards.cdn.greenhouse.io/assets/entry.client-DJvenSzz.js:61:95997)
[   80975ms] [WARNING] The resource https://s2-recruiting.cdn.greenhouse.io/job_board_renderer/custom_fonts/fonts/400/006/500/original/RoobertTWITCH-Medium.woff?1774029035 was preloaded using link preload but not used within a few seconds from the window's load event. Please make sure it has an appropriate `as` value and it is preloaded intentionally. @ https://job-boards.greenhouse.io/embed/job_app?for=twitch&token=8457711002:0
[  101130ms] [WARNING] The resource https://s2-recruiting.cdn.greenhouse.io/job_board_renderer/custom_fonts/fonts/400/006/500/original/RoobertTWITCH-Medium.woff?1774029035 was preloaded using link preload but not used within a few seconds from the window's load event. Please make sure it has an appropriate `as` value and it is preloaded intentionally. @ https://job-boards.greenhouse.io/embed/job_app?for=twitch&token=8457711002:0
[  145480ms] [WARNING] The resource https://s2-recruiting.cdn.greenhouse.io/job_board_renderer/custom_fonts/fonts/400/006/500/original/RoobertTWITCH-Medium.woff?1774029035 was preloaded using link preload but not used within a few seconds from the window's load event. Please make sure it has an appropriate `as` value and it is preloaded intentionally. @ https://job-boards.greenhouse.io/embed/job_app?for=twitch&token=8457711002:0
[  441659ms] [WARNING] The resource https://s2-recruiting.cdn.greenhouse.io/job_board_renderer/custom_fonts/fonts/400/006/500/original/RoobertTWITCH-Medium.woff?1774029035 was preloaded using link preload but not used within a few seconds from the window's load event. Please make sure it has an appropriate `as` value and it is preloaded intentionally. @ https://job-boards.greenhouse.io/embed/job_app?for=twitch&token=8457711002:0
[  449886ms] [WARNING] The resource https://s2-recruiting.cdn.greenhouse.io/job_board_renderer/custom_fonts/fonts/400/006/500/original/RoobertTWITCH-Medium.woff?1774029035 was preloaded using link preload but not used within a few seconds from the window's load event. Please make sure it has an appropriate `as` value and it is preloaded intentionally. @ https://job-boards.greenhouse.io/embed/job_app?for=twitch&token=8457711002:0
[  460329ms] [WARNING] The resource https://s2-recruiting.cdn.greenhouse.io/job_board_renderer/custom_fonts/fonts/400/006/500/original/RoobertTWITCH-Medium.woff?1774029035 was preloaded using link preload but not used within a few seconds from the window's load event. Please make sure it has an appropriate `as` value and it is preloaded intentionally. @ https://job-boards.greenhouse.io/embed/job_app?for=twitch&token=8457711002:0
[  475452ms] [WARNING] The resource https://s2-recruiting.cdn.greenhouse.io/job_board_renderer/custom_fonts/fonts/400/006/500/original/RoobertTWITCH-Medium.woff?1774029035 was preloaded using link preload but not used within a few seconds from the window's load event. Please make sure it has an appropriate `as` value and it is preloaded intentionally. @ https://job-boards.greenhouse.io/embed/job_app?for=twitch&token=8457711002:0
[  521440ms] [WARNING] The resource https://s2-recruiting.cdn.greenhouse.io/job_board_renderer/custom_fonts/fonts/400/006/500/original/RoobertTWITCH-Medium.woff?1774029035 was preloaded using link preload but not used within a few seconds from the window's load event. Please make sure it has an appropriate `as` value and it is preloaded intentionally. @ https://job-boards.greenhouse.io/embed/job_app?for=twitch&token=8457711002:0
[  565847ms] [WARNING] The resource https://s2-recruiting.cdn.greenhouse.io/job_board_renderer/custom_fonts/fonts/400/006/500/original/RoobertTWITCH-Medium.woff?1774029035 was preloaded using link preload but not used within a few seconds from the window's load event. Please make sure it has an appropriate `as` value and it is preloaded intentionally. @ https://job-boards.greenhouse.io/embed/job_app?for=twitch&token=8457711002:0
[  777661ms] [WARNING] The resource https://s2-recruiting.cdn.greenhouse.io/job_board_renderer/custom_fonts/fonts/400/006/500/original/RoobertTWITCH-Medium.woff?1774029035 was preloaded using link preload but not used within a few seconds from the window's load event. Please make sure it has an appropriate `as` value and it is preloaded intentionally. @ https://job-boards.greenhouse.io/embed/job_app?for=twitch&token=8457711002:0
[  821456ms] [ERROR] Connecting to 'https://www.recaptcha.net/recaptcha/enterprise/clr?k=6LfmcbcpAAAAAChNTbhUShzUOAMj_wY9LQIvLFX0' violates the following Content Security Policy directive: "connect-src 'self' api.mapbox.com docs.google.com/feeds/download/documents/export/Export *.amazonaws.com *.googleapis.com *.googleusercontent.com api.rollbar.com api.geocode.earth https://api-geocode-earth-proxy.greenhouse.io/ *.dropboxusercontent.com *.dropbox.com *.dropboxapi.com www.google.com auth.seek.com apply-api.gograyscale.com wss://apply-api-realtime.gograyscale.com apply.grsc.io https://prod-jben.prod-use1-0.gh.internal boards.greenhouse.io job-boards.cdn.greenhouse.io email-address-validator.us.greenhouse.io https://my.greenhouse.io c.spl.greenhouse.io". The action has been blocked. @ https://job-boards.cdn.greenhouse.io/assets/vendor-CSu851Dq.js:243
[  821462ms] [ERROR] Fetch API cannot load https://www.recaptcha.net/recaptcha/enterprise/clr?k=6LfmcbcpAAAAAChNTbhUShzUOAMj_wY9LQIvLFX0. Refused to connect because it violates the document's Content Security Policy. @ https://job-boards.cdn.greenhouse.io/assets/vendor-CSu851Dq.js:243
[  821464ms] [ERROR] Connecting to 'https://www.recaptcha.net/recaptcha/enterprise/clr?k=6LfmcbcpAAAAAChNTbhUShzUOAMj_wY9LQIvLFX0' violates the following Content Security Policy directive: "connect-src 'self' api.mapbox.com docs.google.com/feeds/download/documents/export/Export *.amazonaws.com *.googleapis.com *.googleusercontent.com api.rollbar.com api.geocode.earth https://api-geocode-earth-proxy.greenhouse.io/ *.dropboxusercontent.com *.dropbox.com *.dropboxapi.com www.google.com auth.seek.com apply-api.gograyscale.com wss://apply-api-realtime.gograyscale.com apply.grsc.io https://prod-jben.prod-use1-0.gh.internal boards.greenhouse.io job-boards.cdn.greenhouse.io email-address-validator.us.greenhouse.io https://my.greenhouse.io c.spl.greenhouse.io". The action has been blocked. @ https://job-boards.cdn.greenhouse.io/assets/vendor-CSu851Dq.js:243
[  821464ms] [ERROR] Fetch API cannot load https://www.recaptcha.net/recaptcha/enterprise/clr?k=6LfmcbcpAAAAAChNTbhUShzUOAMj_wY9LQIvLFX0. Refused to connect because it violates the document's Content Security Policy. @ https://job-boards.cdn.greenhouse.io/assets/vendor-CSu851Dq.js:243
[  821464ms] [ERROR] Connecting to 'https://www.recaptcha.net/recaptcha/enterprise/clr?k=6LfmcbcpAAAAAChNTbhUShzUOAMj_wY9LQIvLFX0' violates the following Content Security Policy directive: "connect-src 'self' api.mapbox.com docs.google.com/feeds/download/documents/export/Export *.amazonaws.com *.googleapis.com *.googleusercontent.com api.rollbar.com api.geocode.earth https://api-geocode-earth-proxy.greenhouse.io/ *.dropboxusercontent.com *.dropbox.com *.dropboxapi.com www.google.com auth.seek.com apply-api.gograyscale.com wss://apply-api-realtime.gograyscale.com apply.grsc.io https://prod-jben.prod-use1-0.gh.internal boards.greenhouse.io job-boards.cdn.greenhouse.io email-address-validator.us.greenhouse.io https://my.greenhouse.io c.spl.greenhouse.io". The action has been blocked. @ https://job-boards.cdn.greenhouse.io/assets/vendor-CSu851Dq.js:243
[  821464ms] [ERROR] Fetch API cannot load https://www.recaptcha.net/recaptcha/enterprise/clr?k=6LfmcbcpAAAAAChNTbhUShzUOAMj_wY9LQIvLFX0. Refused to connect because it violates the document's Content Security Policy. @ https://job-boards.cdn.greenhouse.io/assets/vendor-CSu851Dq.js:243
[  821464ms] [ERROR] Connecting to 'https://www.recaptcha.net/recaptcha/enterprise/clr?k=6LfmcbcpAAAAAChNTbhUShzUOAMj_wY9LQIvLFX0' violates the following Content Security Policy directive: "connect-src 'self' api.mapbox.com docs.google.com/feeds/download/documents/export/Export *.amazonaws.com *.googleapis.com *.googleusercontent.com api.rollbar.com api.geocode.earth https://api-geocode-earth-proxy.greenhouse.io/ *.dropboxusercontent.com *.dropbox.com *.dropboxapi.com www.google.com auth.seek.com apply-api.gograyscale.com wss://apply-api-realtime.gograyscale.com apply.grsc.io https://prod-jben.prod-use1-0.gh.internal boards.greenhouse.io job-boards.cdn.greenhouse.io email-address-validator.us.greenhouse.io https://my.greenhouse.io c.spl.greenhouse.io". The action has been blocked. @ https://job-boards.cdn.greenhouse.io/assets/vendor-CSu851Dq.js:243
[  821464ms] [ERROR] Fetch API cannot load https://www.recaptcha.net/recaptcha/enterprise/clr?k=6LfmcbcpAAAAAChNTbhUShzUOAMj_wY9LQIvLFX0. Refused to connect because it violates the document's Content Security Policy. @ https://job-boards.cdn.greenhouse.io/assets/vendor-CSu851Dq.js:243
[  822577ms] [ERROR] Error: Minified React error #418; visit https://reactjs.org/docs/error-decoder.html?invariant=418 for the full message or use the non-minified dev environment for full errors and additional helpful warnings.
    at o1 (https://job-boards.cdn.greenhouse.io/assets/vendor-CSu851Dq.js:38:4933)
    at d9 (https://job-boards.cdn.greenhouse.io/assets/vendor-CSu851Dq.js:40:45634)
    at s9 (https://job-boards.cdn.greenhouse.io/assets/vendor-CSu851Dq.js:40:39790)
    at W8 (https://job-boards.cdn.greenhouse.io/assets/vendor-CSu851Dq.js:40:39762)
    at i9 (https://job-boards.cdn.greenhouse.io/assets/vendor-CSu851Dq.js:40:34745)
    at S (https://job-boards.cdn.greenhouse.io/assets/vendor-CSu851Dq.js:25:1550)
    at MessagePort.M (https://job-boards.cdn.greenhouse.io/assets/vendor-CSu851Dq.js:25:1910) @ https://job-boards.cdn.greenhouse.io/assets/vendor-CSu851Dq.js:243
[  822590ms] [WARNING] React recovered from an error during hydration. Error: Minified React error #425; visit https://reactjs.org/docs/error-decoder.html?invariant=425 for the full message or use the non-minified dev environment for full errors and additional helpful warnings.
    at Js (https://job-boards.cdn.greenhouse.io/assets/vendor-CSu851Dq.js:38:68)
    at A8 (https://job-boards.cdn.greenhouse.io/assets/vendor-CSu851Dq.js:40:16079)
    at u9 (https://job-boards.cdn.greenhouse.io/assets/vendor-CSu851Dq.js:40:40098)
    at s9 (https://job-boards.cdn.greenhouse.io/assets/vendor-CSu851Dq.js:40:39851)
    at W8 (https://job-boards.cdn.greenhouse.io/assets/vendor-CSu851Dq.js:40:39762)
    at i9 (https://job-boards.cdn.greenhouse.io/assets/vendor-CSu851Dq.js:40:34745)
    at S (https://job-boards.cdn.greenhouse.io/assets/vendor-CSu851Dq.js:25:1550)
    at MessagePort.M (https://job-boards.cdn.greenhouse.io/assets/vendor-CSu851Dq.js:25:1910) @ https://job-boards.cdn.greenhouse.io/assets/vendor-CSu851Dq.js:243
[  822590ms] [WARNING] React recovered from an error during hydration. Error: Minified React error #418; visit https://reactjs.org/docs/error-decoder.html?invariant=418 for the full message or use the non-minified dev environment for full errors and additional helpful warnings.
    at o1 (https://job-boards.cdn.greenhouse.io/assets/vendor-CSu851Dq.js:38:4933)
    at d9 (https://job-boards.cdn.greenhouse.io/assets/vendor-CSu851Dq.js:40:45634)
    at s9 (https://job-boards.cdn.greenhouse.io/assets/vendor-CSu851Dq.js:40:39790)
    at W8 (https://job-boards.cdn.greenhouse.io/assets/vendor-CSu851Dq.js:40:39762)
    at i9 (https://job-boards.cdn.greenhouse.io/assets/vendor-CSu851Dq.js:40:34745)
    at S (https://job-boards.cdn.greenhouse.io/assets/vendor-CSu851Dq.js:25:1550)
    at MessagePort.M (https://job-boards.cdn.greenhouse.io/assets/vendor-CSu851Dq.js:25:1910) @ https://job-boards.cdn.greenhouse.io/assets/vendor-CSu851Dq.js:243
[  822590ms] [WARNING] React recovered from an error during hydration. Error: Minified React error #418; visit https://reactjs.org/docs/error-decoder.html?invariant=418 for the full message or use the non-minified dev environment for full errors and additional helpful warnings.
    at o1 (https://job-boards.cdn.greenhouse.io/assets/vendor-CSu851Dq.js:38:4933)
    at d9 (https://job-boards.cdn.greenhouse.io/assets/vendor-CSu851Dq.js:40:45634)
    at s9 (https://job-boards.cdn.greenhouse.io/assets/vendor-CSu851Dq.js:40:39790)
    at W8 (https://job-boards.cdn.greenhouse.io/assets/vendor-CSu851Dq.js:40:39762)
    at i9 (https://job-boards.cdn.greenhouse.io/assets/vendor-CSu851Dq.js:40:34745)
    at S (https://job-boards.cdn.greenhouse.io/assets/vendor-CSu851Dq.js:25:1550)
    at MessagePort.M (https://job-boards.cdn.greenhouse.io/assets/vendor-CSu851Dq.js:25:1910) @ https://job-boards.cdn.greenhouse.io/assets/vendor-CSu851Dq.js:243
[  822590ms] [WARNING] React recovered from an error during hydration. Error: Minified React error #418; visit https://reactjs.org/docs/error-decoder.html?invariant=418 for the full message or use the non-minified dev environment for full errors and additional helpful warnings.
    at o1 (https://job-boards.cdn.greenhouse.io/assets/vendor-CSu851Dq.js:38:4933)
    at d9 (https://job-boards.cdn.greenhouse.io/assets/vendor-CSu851Dq.js:40:45634)
    at s9 (https://job-boards.cdn.greenhouse.io/assets/vendor-CSu851Dq.js:40:39790)
    at W8 (https://job-boards.cdn.greenhouse.io/assets/vendor-CSu851Dq.js:40:39762)
    at i9 (https://job-boards.cdn.greenhouse.io/assets/vendor-CSu851Dq.js:40:34745)
    at S (https://job-boards.cdn.greenhouse.io/assets/vendor-CSu851Dq.js:25:1550)
    at MessagePort.M (https://job-boards.cdn.greenhouse.io/assets/vendor-CSu851Dq.js:25:1910) @ https://job-boards.cdn.greenhouse.io/assets/vendor-CSu851Dq.js:243
[  822590ms] [WARNING] React recovered from an error during hydration. Error: Minified React error #423; visit https://reactjs.org/docs/error-decoder.html?invariant=423 for the full message or use the non-minified dev environment for full errors and additional helpful warnings.
    at d9 (https://job-boards.cdn.greenhouse.io/assets/vendor-CSu851Dq.js:40:45291)
    at s9 (https://job-boards.cdn.greenhouse.io/assets/vendor-CSu851Dq.js:40:39790)
    at z8 (https://job-boards.cdn.greenhouse.io/assets/vendor-CSu851Dq.js:40:39718)
    at ll (https://job-boards.cdn.greenhouse.io/assets/vendor-CSu851Dq.js:40:39570)
    at S1 (https://job-boards.cdn.greenhouse.io/assets/vendor-CSu851Dq.js:40:35934)
    at i9 (https://job-boards.cdn.greenhouse.io/assets/vendor-CSu851Dq.js:40:34883)
    at S (https://job-boards.cdn.greenhouse.io/assets/vendor-CSu851Dq.js:25:1550)
    at MessagePort.M (https://job-boards.cdn.greenhouse.io/assets/vendor-CSu851Dq.js:25:1910) @ https://job-boards.cdn.greenhouse.io/assets/vendor-CSu851Dq.js:243
[  822591ms] [WARNING] A preload for 'https://s2-recruiting.cdn.greenhouse.io/job_board_renderer/custom_fonts/fonts/400/006/500/original/RoobertTWITCH-Medium.woff?1774029035' is found, but is not used because the request credentials mode does not match. Consider taking a look at crossorigin attribute. @ https://job-boards.greenhouse.io/embed/job_app/confirmation?for=twitch&token=8457711002:0
[  822591ms] [WARNING] A preload for 'https://s2-recruiting.cdn.greenhouse.io/job_board_renderer/custom_fonts/fonts/400/006/500/original/RoobertTWITCH-Medium.woff?1774029035' is found, but is not used because the request credentials mode does not match. Consider taking a look at crossorigin attribute. @ https://job-boards.greenhouse.io/embed/job_app/confirmation?for=twitch&token=8457711002:0
