[     701ms] Error: Minified React error #418; visit https://reactjs.org/docs/error-decoder.html?invariant=418 for the full message or use the non-minified dev environment for full errors and additional helpful warnings.
    at ho (https://jobs.apple.com/static/jobsite.vendors.e1689a21d106fd3000de.js:2:512757)
    at Ws (https://jobs.apple.com/static/jobsite.vendors.e1689a21d106fd3000de.js:2:548072)
    at wu (https://jobs.apple.com/static/jobsite.vendors.e1689a21d106fd3000de.js:2:572914)
    at bu (https://jobs.apple.com/static/jobsite.vendors.e1689a21d106fd3000de.js:2:572654)
    at vu (https://jobs.apple.com/static/jobsite.vendors.e1689a21d106fd3000de.js:2:572521)
    at gu (https://jobs.apple.com/static/jobsite.vendors.e1689a21d106fd3000de.js:2:572384)
    at iu (https://jobs.apple.com/static/jobsite.vendors.e1689a21d106fd3000de.js:2:567549)
    at _ (https://jobs.apple.com/static/jobsite.vendors.e1689a21d106fd3000de.js:2:715805)
    at MessagePort.P (https://jobs.apple.com/static/jobsite.vendors.e1689a21d106fd3000de.js:2:716337)
[     702ms] Error: Minified React error #418; visit https://reactjs.org/docs/error-decoder.html?invariant=418 for the full message or use the non-minified dev environment for full errors and additional helpful warnings.
    at uo (https://jobs.apple.com/static/jobsite.vendors.e1689a21d106fd3000de.js:2:512297)
    at Sl (https://jobs.apple.com/static/jobsite.vendors.e1689a21d106fd3000de.js:2:585019)
    at bu (https://jobs.apple.com/static/jobsite.vendors.e1689a21d106fd3000de.js:2:572593)
    at vu (https://jobs.apple.com/static/jobsite.vendors.e1689a21d106fd3000de.js:2:572521)
    at gu (https://jobs.apple.com/static/jobsite.vendors.e1689a21d106fd3000de.js:2:572384)
    at iu (https://jobs.apple.com/static/jobsite.vendors.e1689a21d106fd3000de.js:2:567549)
    at _ (https://jobs.apple.com/static/jobsite.vendors.e1689a21d106fd3000de.js:2:715805)
    at MessagePort.P (https://jobs.apple.com/static/jobsite.vendors.e1689a21d106fd3000de.js:2:716337)
[     702ms] Error: Minified React error #418; visit https://reactjs.org/docs/error-decoder.html?invariant=418 for the full message or use the non-minified dev environment for full errors and additional helpful warnings.
    at uo (https://jobs.apple.com/static/jobsite.vendors.e1689a21d106fd3000de.js:2:512297)
    at Sl (https://jobs.apple.com/static/jobsite.vendors.e1689a21d106fd3000de.js:2:585019)
    at bu (https://jobs.apple.com/static/jobsite.vendors.e1689a21d106fd3000de.js:2:572593)
    at vu (https://jobs.apple.com/static/jobsite.vendors.e1689a21d106fd3000de.js:2:572521)
    at gu (https://jobs.apple.com/static/jobsite.vendors.e1689a21d106fd3000de.js:2:572384)
    at iu (https://jobs.apple.com/static/jobsite.vendors.e1689a21d106fd3000de.js:2:567549)
    at _ (https://jobs.apple.com/static/jobsite.vendors.e1689a21d106fd3000de.js:2:715805)
    at MessagePort.P (https://jobs.apple.com/static/jobsite.vendors.e1689a21d106fd3000de.js:2:716337)
[     702ms] Error: Minified React error #418; visit https://reactjs.org/docs/error-decoder.html?invariant=418 for the full message or use the non-minified dev environment for full errors and additional helpful warnings.
    at uo (https://jobs.apple.com/static/jobsite.vendors.e1689a21d106fd3000de.js:2:512297)
    at Sl (https://jobs.apple.com/static/jobsite.vendors.e1689a21d106fd3000de.js:2:585019)
    at bu (https://jobs.apple.com/static/jobsite.vendors.e1689a21d106fd3000de.js:2:572593)
    at vu (https://jobs.apple.com/static/jobsite.vendors.e1689a21d106fd3000de.js:2:572521)
    at gu (https://jobs.apple.com/static/jobsite.vendors.e1689a21d106fd3000de.js:2:572384)
    at iu (https://jobs.apple.com/static/jobsite.vendors.e1689a21d106fd3000de.js:2:567549)
    at _ (https://jobs.apple.com/static/jobsite.vendors.e1689a21d106fd3000de.js:2:715805)
    at MessagePort.P (https://jobs.apple.com/static/jobsite.vendors.e1689a21d106fd3000de.js:2:716337)
[     702ms] Error: Minified React error #423; visit https://reactjs.org/docs/error-decoder.html?invariant=423 for the full message or use the non-minified dev environment for full errors and additional helpful warnings.
    at Sl (https://jobs.apple.com/static/jobsite.vendors.e1689a21d106fd3000de.js:2:584705)
    at bu (https://jobs.apple.com/static/jobsite.vendors.e1689a21d106fd3000de.js:2:572593)
    at vu (https://jobs.apple.com/static/jobsite.vendors.e1689a21d106fd3000de.js:2:572521)
    at gu (https://jobs.apple.com/static/jobsite.vendors.e1689a21d106fd3000de.js:2:572384)
    at ou (https://jobs.apple.com/static/jobsite.vendors.e1689a21d106fd3000de.js:2:569219)
    at iu (https://jobs.apple.com/static/jobsite.vendors.e1689a21d106fd3000de.js:2:567775)
    at _ (https://jobs.apple.com/static/jobsite.vendors.e1689a21d106fd3000de.js:2:715805)
    at MessagePort.P (https://jobs.apple.com/static/jobsite.vendors.e1689a21d106fd3000de.js:2:716337)
