[    1167ms] [ERROR] Failed to load resource: the server responded with a status of 401 () @ https://my.greenhouse.io/users/self?job_post_id=4638008005:0
[    1196ms] UnauthorizedError: Unauthorized: User is not logged in.
    at Gs.fetchProfile (https://job-boards.cdn.greenhouse.io/assets/entry.client-DJvenSzz.js:61:71218)
[  874500ms] [ERROR] Failed to load resource: the server responded with a status of 401 () @ https://my.greenhouse.io/users/self?job_post_id=4638008005:0
[  874513ms] UnauthorizedError: Unauthorized: User is not logged in.
    at Gs.fetchProfile (https://job-boards.cdn.greenhouse.io/assets/entry.client-DJvenSzz.js:61:71218)
    at async We (https://job-boards.cdn.greenhouse.io/assets/entry.client-DJvenSzz.js:61:95997)
[ 1275831ms] [ERROR] Connecting to 'https://www.recaptcha.net/recaptcha/enterprise/clr?k=6LfmcbcpAAAAAChNTbhUShzUOAMj_wY9LQIvLFX0' violates the following Content Security Policy directive: "connect-src 'self' api.mapbox.com docs.google.com/feeds/download/documents/export/Export *.amazonaws.com *.googleapis.com *.googleusercontent.com api.rollbar.com api.geocode.earth https://api-geocode-earth-proxy.greenhouse.io/ *.dropboxusercontent.com *.dropbox.com *.dropboxapi.com www.google.com auth.seek.com apply-api.gograyscale.com wss://apply-api-realtime.gograyscale.com apply.grsc.io https://prod-jben.prod-use1-0.gh.internal boards.greenhouse.io job-boards.cdn.greenhouse.io email-address-validator.us.greenhouse.io https://my.greenhouse.io c.spl.greenhouse.io". The action has been blocked. @ https://job-boards.cdn.greenhouse.io/assets/vendor-CSu851Dq.js:243
[ 1275836ms] [ERROR] Fetch API cannot load https://www.recaptcha.net/recaptcha/enterprise/clr?k=6LfmcbcpAAAAAChNTbhUShzUOAMj_wY9LQIvLFX0. Refused to connect because it violates the document's Content Security Policy. @ https://job-boards.cdn.greenhouse.io/assets/vendor-CSu851Dq.js:243
[ 1275842ms] [ERROR] Connecting to 'https://www.recaptcha.net/recaptcha/enterprise/clr?k=6LfmcbcpAAAAAChNTbhUShzUOAMj_wY9LQIvLFX0' violates the following Content Security Policy directive: "connect-src 'self' api.mapbox.com docs.google.com/feeds/download/documents/export/Export *.amazonaws.com *.googleapis.com *.googleusercontent.com api.rollbar.com api.geocode.earth https://api-geocode-earth-proxy.greenhouse.io/ *.dropboxusercontent.com *.dropbox.com *.dropboxapi.com www.google.com auth.seek.com apply-api.gograyscale.com wss://apply-api-realtime.gograyscale.com apply.grsc.io https://prod-jben.prod-use1-0.gh.internal boards.greenhouse.io job-boards.cdn.greenhouse.io email-address-validator.us.greenhouse.io https://my.greenhouse.io c.spl.greenhouse.io". The action has been blocked. @ https://job-boards.cdn.greenhouse.io/assets/vendor-CSu851Dq.js:243
[ 1275842ms] [ERROR] Fetch API cannot load https://www.recaptcha.net/recaptcha/enterprise/clr?k=6LfmcbcpAAAAAChNTbhUShzUOAMj_wY9LQIvLFX0. Refused to connect because it violates the document's Content Security Policy. @ https://job-boards.cdn.greenhouse.io/assets/vendor-CSu851Dq.js:243
[ 1275842ms] [ERROR] Connecting to 'https://www.recaptcha.net/recaptcha/enterprise/clr?k=6LfmcbcpAAAAAChNTbhUShzUOAMj_wY9LQIvLFX0' violates the following Content Security Policy directive: "connect-src 'self' api.mapbox.com docs.google.com/feeds/download/documents/export/Export *.amazonaws.com *.googleapis.com *.googleusercontent.com api.rollbar.com api.geocode.earth https://api-geocode-earth-proxy.greenhouse.io/ *.dropboxusercontent.com *.dropbox.com *.dropboxapi.com www.google.com auth.seek.com apply-api.gograyscale.com wss://apply-api-realtime.gograyscale.com apply.grsc.io https://prod-jben.prod-use1-0.gh.internal boards.greenhouse.io job-boards.cdn.greenhouse.io email-address-validator.us.greenhouse.io https://my.greenhouse.io c.spl.greenhouse.io". The action has been blocked. @ https://job-boards.cdn.greenhouse.io/assets/vendor-CSu851Dq.js:243
[ 1275842ms] [ERROR] Fetch API cannot load https://www.recaptcha.net/recaptcha/enterprise/clr?k=6LfmcbcpAAAAAChNTbhUShzUOAMj_wY9LQIvLFX0. Refused to connect because it violates the document's Content Security Policy. @ https://job-boards.cdn.greenhouse.io/assets/vendor-CSu851Dq.js:243
[ 1275842ms] [ERROR] Connecting to 'https://www.recaptcha.net/recaptcha/enterprise/clr?k=6LfmcbcpAAAAAChNTbhUShzUOAMj_wY9LQIvLFX0' violates the following Content Security Policy directive: "connect-src 'self' api.mapbox.com docs.google.com/feeds/download/documents/export/Export *.amazonaws.com *.googleapis.com *.googleusercontent.com api.rollbar.com api.geocode.earth https://api-geocode-earth-proxy.greenhouse.io/ *.dropboxusercontent.com *.dropbox.com *.dropboxapi.com www.google.com auth.seek.com apply-api.gograyscale.com wss://apply-api-realtime.gograyscale.com apply.grsc.io https://prod-jben.prod-use1-0.gh.internal boards.greenhouse.io job-boards.cdn.greenhouse.io email-address-validator.us.greenhouse.io https://my.greenhouse.io c.spl.greenhouse.io". The action has been blocked. @ https://job-boards.cdn.greenhouse.io/assets/vendor-CSu851Dq.js:243
[ 1275842ms] [ERROR] Fetch API cannot load https://www.recaptcha.net/recaptcha/enterprise/clr?k=6LfmcbcpAAAAAChNTbhUShzUOAMj_wY9LQIvLFX0. Refused to connect because it violates the document's Content Security Policy. @ https://job-boards.cdn.greenhouse.io/assets/vendor-CSu851Dq.js:243
[ 1276683ms] [ERROR] Error: Minified React error #418; visit https://reactjs.org/docs/error-decoder.html?invariant=418 for the full message or use the non-minified dev environment for full errors and additional helpful warnings.
    at o1 (https://job-boards.cdn.greenhouse.io/assets/vendor-CSu851Dq.js:38:4933)
    at d9 (https://job-boards.cdn.greenhouse.io/assets/vendor-CSu851Dq.js:40:45634)
    at s9 (https://job-boards.cdn.greenhouse.io/assets/vendor-CSu851Dq.js:40:39790)
    at W8 (https://job-boards.cdn.greenhouse.io/assets/vendor-CSu851Dq.js:40:39762)
    at i9 (https://job-boards.cdn.greenhouse.io/assets/vendor-CSu851Dq.js:40:34745)
    at S (https://job-boards.cdn.greenhouse.io/assets/vendor-CSu851Dq.js:25:1550)
    at MessagePort.M (https://job-boards.cdn.greenhouse.io/assets/vendor-CSu851Dq.js:25:1910) @ https://job-boards.cdn.greenhouse.io/assets/vendor-CSu851Dq.js:243
[ 1276694ms] [WARNING] React recovered from an error during hydration. Error: Minified React error #425; visit https://reactjs.org/docs/error-decoder.html?invariant=425 for the full message or use the non-minified dev environment for full errors and additional helpful warnings.
    at Js (https://job-boards.cdn.greenhouse.io/assets/vendor-CSu851Dq.js:38:68)
    at A8 (https://job-boards.cdn.greenhouse.io/assets/vendor-CSu851Dq.js:40:16079)
    at u9 (https://job-boards.cdn.greenhouse.io/assets/vendor-CSu851Dq.js:40:40098)
    at s9 (https://job-boards.cdn.greenhouse.io/assets/vendor-CSu851Dq.js:40:39851)
    at W8 (https://job-boards.cdn.greenhouse.io/assets/vendor-CSu851Dq.js:40:39762)
    at i9 (https://job-boards.cdn.greenhouse.io/assets/vendor-CSu851Dq.js:40:34745)
    at S (https://job-boards.cdn.greenhouse.io/assets/vendor-CSu851Dq.js:25:1550)
    at MessagePort.M (https://job-boards.cdn.greenhouse.io/assets/vendor-CSu851Dq.js:25:1910) @ https://job-boards.cdn.greenhouse.io/assets/vendor-CSu851Dq.js:243
[ 1276694ms] [WARNING] React recovered from an error during hydration. Error: Minified React error #418; visit https://reactjs.org/docs/error-decoder.html?invariant=418 for the full message or use the non-minified dev environment for full errors and additional helpful warnings.
    at o1 (https://job-boards.cdn.greenhouse.io/assets/vendor-CSu851Dq.js:38:4933)
    at d9 (https://job-boards.cdn.greenhouse.io/assets/vendor-CSu851Dq.js:40:45634)
    at s9 (https://job-boards.cdn.greenhouse.io/assets/vendor-CSu851Dq.js:40:39790)
    at W8 (https://job-boards.cdn.greenhouse.io/assets/vendor-CSu851Dq.js:40:39762)
    at i9 (https://job-boards.cdn.greenhouse.io/assets/vendor-CSu851Dq.js:40:34745)
    at S (https://job-boards.cdn.greenhouse.io/assets/vendor-CSu851Dq.js:25:1550)
    at MessagePort.M (https://job-boards.cdn.greenhouse.io/assets/vendor-CSu851Dq.js:25:1910) @ https://job-boards.cdn.greenhouse.io/assets/vendor-CSu851Dq.js:243
[ 1276694ms] [WARNING] React recovered from an error during hydration. Error: Minified React error #418; visit https://reactjs.org/docs/error-decoder.html?invariant=418 for the full message or use the non-minified dev environment for full errors and additional helpful warnings.
    at o1 (https://job-boards.cdn.greenhouse.io/assets/vendor-CSu851Dq.js:38:4933)
    at d9 (https://job-boards.cdn.greenhouse.io/assets/vendor-CSu851Dq.js:40:45634)
    at s9 (https://job-boards.cdn.greenhouse.io/assets/vendor-CSu851Dq.js:40:39790)
    at W8 (https://job-boards.cdn.greenhouse.io/assets/vendor-CSu851Dq.js:40:39762)
    at i9 (https://job-boards.cdn.greenhouse.io/assets/vendor-CSu851Dq.js:40:34745)
    at S (https://job-boards.cdn.greenhouse.io/assets/vendor-CSu851Dq.js:25:1550)
    at MessagePort.M (https://job-boards.cdn.greenhouse.io/assets/vendor-CSu851Dq.js:25:1910) @ https://job-boards.cdn.greenhouse.io/assets/vendor-CSu851Dq.js:243
[ 1276694ms] [WARNING] React recovered from an error during hydration. Error: Minified React error #418; visit https://reactjs.org/docs/error-decoder.html?invariant=418 for the full message or use the non-minified dev environment for full errors and additional helpful warnings.
    at o1 (https://job-boards.cdn.greenhouse.io/assets/vendor-CSu851Dq.js:38:4933)
    at d9 (https://job-boards.cdn.greenhouse.io/assets/vendor-CSu851Dq.js:40:45634)
    at s9 (https://job-boards.cdn.greenhouse.io/assets/vendor-CSu851Dq.js:40:39790)
    at W8 (https://job-boards.cdn.greenhouse.io/assets/vendor-CSu851Dq.js:40:39762)
    at i9 (https://job-boards.cdn.greenhouse.io/assets/vendor-CSu851Dq.js:40:34745)
    at S (https://job-boards.cdn.greenhouse.io/assets/vendor-CSu851Dq.js:25:1550)
    at MessagePort.M (https://job-boards.cdn.greenhouse.io/assets/vendor-CSu851Dq.js:25:1910) @ https://job-boards.cdn.greenhouse.io/assets/vendor-CSu851Dq.js:243
[ 1276694ms] [WARNING] React recovered from an error during hydration. Error: Minified React error #423; visit https://reactjs.org/docs/error-decoder.html?invariant=423 for the full message or use the non-minified dev environment for full errors and additional helpful warnings.
    at d9 (https://job-boards.cdn.greenhouse.io/assets/vendor-CSu851Dq.js:40:45291)
    at s9 (https://job-boards.cdn.greenhouse.io/assets/vendor-CSu851Dq.js:40:39790)
    at z8 (https://job-boards.cdn.greenhouse.io/assets/vendor-CSu851Dq.js:40:39718)
    at ll (https://job-boards.cdn.greenhouse.io/assets/vendor-CSu851Dq.js:40:39570)
    at S1 (https://job-boards.cdn.greenhouse.io/assets/vendor-CSu851Dq.js:40:35934)
    at i9 (https://job-boards.cdn.greenhouse.io/assets/vendor-CSu851Dq.js:40:34883)
    at S (https://job-boards.cdn.greenhouse.io/assets/vendor-CSu851Dq.js:25:1550)
    at MessagePort.M (https://job-boards.cdn.greenhouse.io/assets/vendor-CSu851Dq.js:25:1910) @ https://job-boards.cdn.greenhouse.io/assets/vendor-CSu851Dq.js:243
