[     811ms] Error: Minified React error #425; visit https://reactjs.org/docs/error-decoder.html?invariant=425 for the full message or use the non-minified dev environment for full errors and additional helpful warnings.
    at rh (https://www.brex.com/_next/static/chunks/framework-5c20d7e64b93fc3f.js:1:46930)
    at https://www.brex.com/_next/static/chunks/framework-5c20d7e64b93fc3f.js:1:107309
    at oD (https://www.brex.com/_next/static/chunks/framework-5c20d7e64b93fc3f.js:1:112818)
    at oO (https://www.brex.com/_next/static/chunks/framework-5c20d7e64b93fc3f.js:1:105768)
    at oM (https://www.brex.com/_next/static/chunks/framework-5c20d7e64b93fc3f.js:1:105578)
    at oS (https://www.brex.com/_next/static/chunks/framework-5c20d7e64b93fc3f.js:1:100651)
    at x (https://www.brex.com/_next/static/chunks/framework-5c20d7e64b93fc3f.js:1:137357)
    at MessagePort.T (https://www.brex.com/_next/static/chunks/framework-5c20d7e64b93fc3f.js:1:137878)
[     811ms] Error: Minified React error #423; visit https://reactjs.org/docs/error-decoder.html?invariant=423 for the full message or use the non-minified dev environment for full errors and additional helpful warnings.
    at i (https://www.brex.com/_next/static/chunks/framework-5c20d7e64b93fc3f.js:1:127383)
    at oO (https://www.brex.com/_next/static/chunks/framework-5c20d7e64b93fc3f.js:1:105708)
    at oM (https://www.brex.com/_next/static/chunks/framework-5c20d7e64b93fc3f.js:1:105578)
    at ox (https://www.brex.com/_next/static/chunks/framework-5c20d7e64b93fc3f.js:1:102349)
    at oS (https://www.brex.com/_next/static/chunks/framework-5c20d7e64b93fc3f.js:1:100904)
    at x (https://www.brex.com/_next/static/chunks/framework-5c20d7e64b93fc3f.js:1:137357)
    at MessagePort.T (https://www.brex.com/_next/static/chunks/framework-5c20d7e64b93fc3f.js:1:137878)
[     821ms] [ERROR] Failed to load script qualified undefined @ https://www.brex.com/_next/static/chunks/pages/_app-147fa31460e4ad0e.js:32
[    1172ms] [WARNING] LogRocket Track API: Ignored unsupported type (null) at property refcode. Expected one of: boolean,number,string,boolean[],number[],string[] @ https://www.brex.com/_next/static/chunks/pages/_app-147fa31460e4ad0e.js:32
[    1173ms] [WARNING] LogRocket Track API: Ignored unsupported type (null) at property paidClickId. Expected one of: boolean,number,string,boolean[],number[],string[] @ https://www.brex.com/_next/static/chunks/pages/_app-147fa31460e4ad0e.js:32
[    1173ms] [WARNING] LogRocket Track API: Ignored unsupported type (null) at property utm_id. Expected one of: boolean,number,string,boolean[],number[],string[] @ https://www.brex.com/_next/static/chunks/pages/_app-147fa31460e4ad0e.js:32
[    1173ms] [WARNING] LogRocket Track API: Ignored unsupported type (null) at property utm_campaign. Expected one of: boolean,number,string,boolean[],number[],string[] @ https://www.brex.com/_next/static/chunks/pages/_app-147fa31460e4ad0e.js:32
[    1173ms] [WARNING] LogRocket Track API: Ignored unsupported type (null) at property utm_term. Expected one of: boolean,number,string,boolean[],number[],string[] @ https://www.brex.com/_next/static/chunks/pages/_app-147fa31460e4ad0e.js:32
[    1173ms] [WARNING] LogRocket Track API: Ignored unsupported type (null) at property utm_content. Expected one of: boolean,number,string,boolean[],number[],string[] @ https://www.brex.com/_next/static/chunks/pages/_app-147fa31460e4ad0e.js:32
[    1186ms] [LOG] Concierge version 1.1.100 @ https://www.brex.com/_next/static/chunks/pages/_app-147fa31460e4ad0e.js:32
[    2915ms] [WARNING] [Meta Pixel] - Invalid PixelID: null. @ https://www.brex.com/_next/static/chunks/pages/_app-147fa31460e4ad0e.js:32
[    3149ms] [ERROR] Attestation check for Attribution Reporting on https://ara.paa-reporting-advertising.amazon failed. @ https://www.brex.com/careers/8459783002?gh_jid=8459783002:0
[    3152ms] [ERROR] Attestation check for Shared Storage on https://ara.paa-reporting-advertising.amazon failed. @ https://www.brex.com/careers/8459783002?gh_jid=8459783002:0
[    4492ms] [ERROR] Failed to load resource: the server responded with a status of 401 () @ https://my.greenhouse.io/users/self?job_post_id=8459783002:0
[    4506ms] UnauthorizedError: Unauthorized: User is not logged in.
    at Gs.fetchProfile (https://job-boards.cdn.greenhouse.io/assets/entry.client-DJvenSzz.js:61:71218)
